// Jest Snapshot v1, https://goo.gl/fbAQLP

exports[`Index page should match the snapshot 1`] = `
<main>
  <h1>
    Hello World!
  </h1>
</main>
`;
